../Core/Src/main.c:75:6:HAL_UART_RxCpltCallback	16	static
../Core/Src/main.c:87:6:uart_communiation_fsm	8	static
../Core/Src/main.c:122:6:command_parser_fsm	16	static
../Core/Src/main.c:164:5:main	8	static
../Core/Src/main.c:225:6:SystemClock_Config	88	static
../Core/Src/main.c:269:13:MX_ADC1_Init	24	static
../Core/Src/main.c:316:13:MX_TIM2_Init	32	static
../Core/Src/main.c:361:13:MX_USART2_UART_Init	8	static
../Core/Src/main.c:394:13:MX_GPIO_Init	32	static
../Core/Src/main.c:425:6:Error_Handler	4	static,ignoring_inline_asm
