20:00:48 **** Incremental Build of configuration Debug for project uart ****
make -j4 all 
arm-none-eabi-gcc "../Core/Src/main.c" -mcpu=cortex-m3 -std=gnu11 -g3 -DDEBUG -DUSE_HAL_DRIVER -DSTM32F103x6 -c -I../Core/Inc -I../Drivers/STM32F1xx_HAL_Driver/Inc/Legacy -I../Drivers/STM32F1xx_HAL_Driver/Inc -I../Drivers/CMSIS/Device/ST/STM32F1xx/Include -I../Drivers/CMSIS/Include -O0 -ffunction-sections -fdata-sections -Wall -fstack-usage -fcyclomatic-complexity -MMD -MP -MF"Core/Src/main.d" -MT"Core/Src/main.o" --specs=nano.specs -mfloat-abi=soft -mthumb -o "Core/Src/main.o"
../Core/Src/main.c:85:38: warning: useless storage class specifier in empty declaration
   85 | static enum ComState{START_CMD, RST, END_CMD};
      |                                      ^~~~~~~
../Core/Src/main.c: In function 'uart_communiation_fsm':
../Core/Src/main.c:91:14: warning: pointer targets in passing argument 1 of 'strcmp' differ in signedness [-Wpointer-sign]
   91 |    if(strcmp(command_data, "RST") == 0){
      |              ^~~~~~~~~~~~
      |              |
      |              uint8_t * {aka unsigned char *}
In file included from ../Core/Src/main.c:22:
c:\st\stm32cubeide_1.12.1\stm32cubeide\plugins\com.st.stm32cube.ide.mcu.externaltools.gnu-tools-for-stm32.10.3-2021.10.win32_1.0.200.202301161003\tools\arm-none-eabi\include\string.h:36:14: note: expected 'const char *' but argument is of type 'uint8_t *' {aka 'unsigned char *'}
   36 | int  strcmp (const char *, const char *);
      |              ^~~~~~~~~~~~
../Core/Src/main.c:99:11: warning: pointer targets in passing argument 1 of 'sprintf' differ in signedness [-Wpointer-sign]
   99 |   sprintf(str, "\r\n!ADC=%d#", ADC_value);
      |           ^~~
      |           |
      |           uint8_t * {aka unsigned char *}
In file included from ../Core/Src/main.c:21:
c:\st\stm32cubeide_1.12.1\stm32cubeide\plugins\com.st.stm32cube.ide.mcu.externaltools.gnu-tools-for-stm32.10.3-2021.10.win32_1.0.200.202301161003\tools\arm-none-eabi\include\stdio.h:244:14: note: expected 'char * restrict' but argument is of type 'uint8_t *' {aka 'unsigned char *'}
  244 | int sprintf (char *__restrict, const char *__restrict, ...)
      |              ^
../Core/Src/main.c:99:27: warning: format '%d' expects argument of type 'int', but argument 3 has type 'uint32_t' {aka 'long unsigned int'} [-Wformat=]
   99 |   sprintf(str, "\r\n!ADC=%d#", ADC_value);
      |                          ~^    ~~~~~~~~~
      |                           |    |
      |                           int  uint32_t {aka long unsigned int}
      |                          %ld
../Core/Src/main.c:106:14: warning: pointer targets in passing argument 1 of 'strcmp' differ in signedness [-Wpointer-sign]
  106 |    if(strcmp(command_data, "OK") == 0){
      |              ^~~~~~~~~~~~
      |              |
      |              uint8_t * {aka unsigned char *}
In file included from ../Core/Src/main.c:22:
c:\st\stm32cubeide_1.12.1\stm32cubeide\plugins\com.st.stm32cube.ide.mcu.externaltools.gnu-tools-for-stm32.10.3-2021.10.win32_1.0.200.202301161003\tools\arm-none-eabi\include\string.h:36:14: note: expected 'const char *' but argument is of type 'uint8_t *' {aka 'unsigned char *'}
   36 | int  strcmp (const char *, const char *);
      |              ^~~~~~~~~~~~
../Core/Src/main.c: At top level:
../Core/Src/main.c:120:37: warning: useless storage class specifier in empty declaration
  120 | static enum CmdState{INIT, CONTENT, REINIT};
      |                                     ^~~~~~
../Core/Src/main.c: In function 'command_parser_fsm':
../Core/Src/main.c:143:11: warning: pointer targets in passing argument 1 of 'strcpy' differ in signedness [-Wpointer-sign]
  143 |    strcpy(command_data, buffer);
      |           ^~~~~~~~~~~~
      |           |
      |           uint8_t * {aka unsigned char *}
In file included from ../Core/Src/main.c:22:
c:\st\stm32cubeide_1.12.1\stm32cubeide\plugins\com.st.stm32cube.ide.mcu.externaltools.gnu-tools-for-stm32.10.3-2021.10.win32_1.0.200.202301161003\tools\arm-none-eabi\include\string.h:38:16: note: expected 'char * restrict' but argument is of type 'uint8_t *' {aka 'unsigned char *'}
   38 | char  *strcpy (char *__restrict, const char *__restrict);
      |                ^
../Core/Src/main.c:143:25: warning: pointer targets in passing argument 2 of 'strcpy' differ in signedness [-Wpointer-sign]
  143 |    strcpy(command_data, buffer);
      |                         ^~~~~~
      |                         |
      |                         uint8_t * {aka unsigned char *}
In file included from ../Core/Src/main.c:22:
c:\st\stm32cubeide_1.12.1\stm32cubeide\plugins\com.st.stm32cube.ide.mcu.externaltools.gnu-tools-for-stm32.10.3-2021.10.win32_1.0.200.202301161003\tools\arm-none-eabi\include\string.h:38:34: note: expected 'const char * restrict' but argument is of type 'uint8_t *' {aka 'unsigned char *'}
   38 | char  *strcpy (char *__restrict, const char *__restrict);
      |                                  ^
arm-none-eabi-gcc -o "uart.elf" @"objects.list"   -mcpu=cortex-m3 -T"D:\231_semester\Microprocessor\lab_4_demo\uart\STM32F103C6UX_FLASH.ld" --specs=nosys.specs -Wl,-Map="uart.map" -Wl,--gc-sections -static --specs=nano.specs -mfloat-abi=soft -mthumb -Wl,--start-group -lc -lm -Wl,--end-group
Finished building target: uart.elf
 
arm-none-eabi-size   uart.elf 
arm-none-eabi-objdump -h -S  uart.elf  > "uart.list"
arm-none-eabi-objcopy  -O ihex  uart.elf  "uart.hex"
   text	   data	    bss	    dec	    hex	filename
  17292	    124	   1964	  19380	   4bb4	uart.elf
arm-none-eabi-objcopy  -O binary  uart.elf  "uart.bin"
Finished building: default.size.stdout
 
Finished building: uart.hex
Finished building: uart.bin
 
 
Finished building: uart.list
 

20:00:51 Build Finished. 0 errors, 8 warnings. (took 3s.236ms)

